Resolving dependencies...
Downloading packages...
  _fe_analyzer_shared 67.0.0 (98.0.0 available)
  _flutterfire_internals 1.3.59 (1.3.68 available)
  analyzer 6.4.1 (12.0.0 available)
  async 2.13.0 (2.13.1 available)
  build 2.4.1 (4.0.5 available)
  characters 1.4.0 (1.4.1 available)
  cloud_firestore 5.6.12 (6.2.0 available)
  cloud_firestore_platform_interface 6.6.12 (7.1.0 available)
  cloud_firestore_web 4.4.12 (5.2.0 available)
  connectivity_plus 6.1.5 (7.0.0 available)
  cupertino_icons 1.0.8 (1.0.9 available)
  dart_style 2.3.6 (3.1.8 available)
  firebase_auth 5.7.0 (6.3.0 available)
  firebase_auth_platform_interface 7.7.3 (8.1.8 available)
  firebase_auth_web 5.15.3 (6.1.4 available)
  firebase_core 3.15.2 (4.6.0 available)
  firebase_core_platform_interface 6.0.2 (6.0.3 available)
  firebase_core_web 2.24.1 (3.5.1 available)
  flutter_plugin_android_lifecycle 2.0.33 (2.0.34 available)
  google_sign_in 6.3.0 (7.2.0 available)
  google_sign_in_android 6.2.1 (7.2.10 available)
  google_sign_in_ios 5.9.0 (6.3.0 available)
  google_sign_in_platform_interface 2.5.0 (3.1.0 available)
  google_sign_in_web 0.12.4+4 (1.1.3 available)
  image_picker_android 0.8.13+14 (0.8.13+15 available)
  local_auth_android 2.0.5 (2.0.7 available)
  matcher 0.12.17 (0.12.19 available)
  material_color_utilities 0.11.1 (0.13.0 available)
  meta 1.17.0 (1.18.2 available)
  path_provider_android 2.2.22 (2.2.23 available)
  source_gen 1.5.0 (4.2.2 available)
  source_helper 1.3.5 (1.3.11 available)
  test 1.26.3 (1.31.0 available)
  test_api 0.7.7 (0.7.11 available)
  test_core 0.6.12 (0.6.17 available)
  url_launcher_android 6.3.28 (6.3.29 available)
  vector_math 2.2.0 (2.3.0 available)
  win32 5.15.0 (6.0.0 available)
Got dependencies!
38 packages have newer versions incompatible with dependency constraints.
Try `flutter pub outdated` for more information.
Running Gradle task 'assembleRelease'...                        
flutter : 
At line:1 char:1
+ flutter build apk 
--release > 
build_output.txt 2>&1
+ ~~~~~~~~~~~~~~~~~~~~~~~~
~~~~~~~~~~~~~~~~~~~~~~~~~~
~
    + CategoryInfo        
      : NotSpecified: (:  
  String) [], RemoteExc   
 eption
    + FullyQualifiedError 
   Id : NativeCommandErr  
  or
 
FAILURE: Build failed 
with an exception.

* Where:
Build file 'C:\Users\hp\.g
emini\antigravity\scratch\
khata_app\android\app\buil
d.gradle.kts' line: 20

* What went wrong:
Missing key.properties. 
Create a release keystore 
and add storeFile/storePas
sword/keyAlias/keyPassword
 to key.properties.
For local testing only, 
you can opt-in to 
insecure debug signing 
with: 
-PallowDebugSigning=true

* Try:
> Run with --stacktrace 
option to get the stack 
trace.
> Run with --info or 
--debug option to get 
more log output.
> Run with --scan to get 
full insights.
> Get more help at 
https://help.gradle.org.

BUILD FAILED in 2s
Running Gradle task 'assembleRelease'...                         2,585ms
Gradle task 
assembleRelease failed 
with exit code 1
